---
http_interactions:
- request:
    method: post
    uri: http://192.168.56.11:35357/v2.0/tenants
    body:
      encoding: UTF-8
      string: ! '{"tenant":{"name":"REDSTACK_CREATED_PROJECT_FOR_TESTING","description":"This
        is a project generated by RedStack","enabled":true}}'
    headers:
      Content-Type:
      - application/json
      User-Agent:
      - Faraday v0.8.7
      X-Auth-Token:
      - 6e73c3d6d9b14f98836b7dd0a544d168
  response:
    status:
      code: 200
      message: 
    headers:
      vary:
      - X-Auth-Token
      content-type:
      - application/json
      content-length:
      - '177'
      date:
      - Wed, 12 Jun 2013 10:35:00 GMT
      connection:
      - close
    body:
      encoding: US-ASCII
      string: ! '{"tenant": {"description": "This is a project generated by RedStack",
        "enabled": true, "id": "f1663b71aaef42789a7b21d2dd522a36", "name": "REDSTACK_CREATED_PROJECT_FOR_TESTING"}}'
    http_version: 
  recorded_at: Wed, 12 Jun 2013 19:00:31 GMT
- request:
    method: delete
    uri: http://192.168.56.11:35357/v2.0/tenants/f1663b71aaef42789a7b21d2dd522a36
    body:
      encoding: US-ASCII
      string: ''
    headers:
      Content-Type:
      - application/json
      User-Agent:
      - Faraday v0.8.7
      X-Auth-Token:
      - 6e73c3d6d9b14f98836b7dd0a544d168
  response:
    status:
      code: 204
      message: 
    headers:
      vary:
      - X-Auth-Token
      content-length:
      - '0'
      date:
      - Wed, 12 Jun 2013 10:35:00 GMT
      connection:
      - close
    body:
      encoding: US-ASCII
      string: ''
    http_version: 
  recorded_at: Wed, 12 Jun 2013 19:00:31 GMT
- request:
    method: get
    uri: http://192.168.56.11:35357/v2.0/tenants?after_project_delete
    body:
      encoding: US-ASCII
      string: ''
    headers:
      Content-Type:
      - application/json
      User-Agent:
      - Faraday v0.8.7
      X-Auth-Token:
      - 6e73c3d6d9b14f98836b7dd0a544d168
  response:
    status:
      code: 200
      message: 
    headers:
      vary:
      - X-Auth-Token
      content-type:
      - application/json
      content-length:
      - '760'
      date:
      - Wed, 12 Jun 2013 10:35:00 GMT
      connection:
      - close
    body:
      encoding: US-ASCII
      string: ! '{"tenants_links": [], "tenants": [{"description": null, "enabled":
        true, "id": "07289d89987c4d779f388ac96148fb8b", "name": "Non Admin Project"},
        {"description": null, "enabled": true, "id": "0a8c022d3f624981b8d90da23357fb8b",
        "name": "admin"}, {"description": null, "enabled": true, "id": "6098c39fce8c4f16ab79de699cce84c3",
        "name": "alt_demo"}, {"description": null, "enabled": true, "id": "a7726e17f157440ea09ba1d624a83886",
        "name": "Admin Project"}, {"description": null, "enabled": true, "id": "b7786369738945b8aaa37d7a8eaf411b",
        "name": "demo"}, {"description": null, "enabled": true, "id": "ce3119df5c9e47f9b9976697ec24f3e7",
        "name": "service"}, {"description": "", "enabled": true, "id": "fcfea339c56347f48eb7a630775ad7bb",
        "name": "mmaglana_project"}]}'
    http_version: 
  recorded_at: Wed, 12 Jun 2013 19:00:31 GMT
- request:
    method: post
    uri: http://192.168.56.11:35357/v2.0/tenants?project_dirtiness_test
    body:
      encoding: UTF-8
      string: ! '{"tenant":{"name":"REDSTACK_CREATED_PROJECT_FOR_TESTING","description":"This
        is a project generated by RedStack","enabled":true}}'
    headers:
      Content-Type:
      - application/json
      User-Agent:
      - Faraday v0.8.7
      X-Auth-Token:
      - 6e73c3d6d9b14f98836b7dd0a544d168
  response:
    status:
      code: 200
      message: 
    headers:
      vary:
      - X-Auth-Token
      content-type:
      - application/json
      content-length:
      - '177'
      date:
      - Wed, 12 Jun 2013 10:35:00 GMT
      connection:
      - close
    body:
      encoding: US-ASCII
      string: ! '{"tenant": {"description": "This is a project generated by RedStack",
        "enabled": true, "id": "c1808d475364402db56dbc33dca507bc", "name": "REDSTACK_CREATED_PROJECT_FOR_TESTING"}}'
    http_version: 
  recorded_at: Wed, 12 Jun 2013 19:00:31 GMT
- request:
    method: post
    uri: http://192.168.56.11:35357/v2.0/tenants/c1808d475364402db56dbc33dca507bc
    body:
      encoding: UTF-8
      string: ! '{"tenant":{"name":"REDSTACK_UPDATE_PROJECT_TEST","description":"This
        is a project updated by RedStack","enabled":false}}'
    headers:
      Content-Type:
      - application/json
      User-Agent:
      - Faraday v0.8.7
      X-Auth-Token:
      - 6e73c3d6d9b14f98836b7dd0a544d168
  response:
    status:
      code: 200
      message: 
    headers:
      vary:
      - X-Auth-Token
      content-type:
      - application/json
      content-length:
      - '205'
      date:
      - Wed, 12 Jun 2013 10:35:00 GMT
      connection:
      - close
    body:
      encoding: US-ASCII
      string: ! '{"tenant": {"description": "This is a project updated by RedStack",
        "extra": {}, "enabled": false, "id": "c1808d475364402db56dbc33dca507bc", "domain_id":
        "default", "name": "REDSTACK_UPDATE_PROJECT_TEST"}}'
    http_version: 
  recorded_at: Wed, 12 Jun 2013 19:00:31 GMT
- request:
    method: delete
    uri: http://192.168.56.11:35357/v2.0/tenants/c1808d475364402db56dbc33dca507bc
    body:
      encoding: US-ASCII
      string: ''
    headers:
      Content-Type:
      - application/json
      User-Agent:
      - Faraday v0.8.7
      X-Auth-Token:
      - 6e73c3d6d9b14f98836b7dd0a544d168
  response:
    status:
      code: 204
      message: 
    headers:
      vary:
      - X-Auth-Token
      content-length:
      - '0'
      date:
      - Wed, 12 Jun 2013 10:35:00 GMT
      connection:
      - close
    body:
      encoding: US-ASCII
      string: ''
    http_version: 
  recorded_at: Wed, 12 Jun 2013 19:00:31 GMT
- request:
    method: post
    uri: http://192.168.56.11:35357/v2.0/tenants?before_project_update
    body:
      encoding: UTF-8
      string: ! '{"tenant":{"name":"REDSTACK_CREATED_PROJECT_FOR_TESTING","description":"This
        is a project generated by RedStack","enabled":true}}'
    headers:
      Content-Type:
      - application/json
      User-Agent:
      - Faraday v0.8.7
      X-Auth-Token:
      - 6e73c3d6d9b14f98836b7dd0a544d168
  response:
    status:
      code: 200
      message: 
    headers:
      vary:
      - X-Auth-Token
      content-type:
      - application/json
      content-length:
      - '177'
      date:
      - Wed, 12 Jun 2013 10:35:01 GMT
      connection:
      - close
    body:
      encoding: US-ASCII
      string: ! '{"tenant": {"description": "This is a project generated by RedStack",
        "enabled": true, "id": "59dca4c5f30946dd8b0d5833e9fbbb0f", "name": "REDSTACK_CREATED_PROJECT_FOR_TESTING"}}'
    http_version: 
  recorded_at: Wed, 12 Jun 2013 19:00:31 GMT
- request:
    method: post
    uri: http://192.168.56.11:35357/v2.0/tenants/59dca4c5f30946dd8b0d5833e9fbbb0f
    body:
      encoding: UTF-8
      string: ! '{"tenant":{"name":"REDSTACK_UPDATE_PROJECT_TEST","description":"This
        is a project updated by RedStack","enabled":false}}'
    headers:
      Content-Type:
      - application/json
      User-Agent:
      - Faraday v0.8.7
      X-Auth-Token:
      - 6e73c3d6d9b14f98836b7dd0a544d168
  response:
    status:
      code: 200
      message: 
    headers:
      vary:
      - X-Auth-Token
      content-type:
      - application/json
      content-length:
      - '205'
      date:
      - Wed, 12 Jun 2013 10:35:01 GMT
      connection:
      - close
    body:
      encoding: US-ASCII
      string: ! '{"tenant": {"description": "This is a project updated by RedStack",
        "extra": {}, "enabled": false, "id": "59dca4c5f30946dd8b0d5833e9fbbb0f", "domain_id":
        "default", "name": "REDSTACK_UPDATE_PROJECT_TEST"}}'
    http_version: 
  recorded_at: Wed, 12 Jun 2013 19:00:31 GMT
- request:
    method: get
    uri: http://192.168.56.11:35357/v2.0/tenants?after_project_update
    body:
      encoding: US-ASCII
      string: ''
    headers:
      Content-Type:
      - application/json
      User-Agent:
      - Faraday v0.8.7
      X-Auth-Token:
      - 6e73c3d6d9b14f98836b7dd0a544d168
  response:
    status:
      code: 200
      message: 
    headers:
      vary:
      - X-Auth-Token
      content-type:
      - application/json
      content-length:
      - '918'
      date:
      - Wed, 12 Jun 2013 10:35:01 GMT
      connection:
      - close
    body:
      encoding: US-ASCII
      string: ! '{"tenants_links": [], "tenants": [{"description": null, "enabled":
        true, "id": "07289d89987c4d779f388ac96148fb8b", "name": "Non Admin Project"},
        {"description": null, "enabled": true, "id": "0a8c022d3f624981b8d90da23357fb8b",
        "name": "admin"}, {"description": "This is a project updated by RedStack",
        "enabled": false, "id": "59dca4c5f30946dd8b0d5833e9fbbb0f", "name": "REDSTACK_UPDATE_PROJECT_TEST"},
        {"description": null, "enabled": true, "id": "6098c39fce8c4f16ab79de699cce84c3",
        "name": "alt_demo"}, {"description": null, "enabled": true, "id": "a7726e17f157440ea09ba1d624a83886",
        "name": "Admin Project"}, {"description": null, "enabled": true, "id": "b7786369738945b8aaa37d7a8eaf411b",
        "name": "demo"}, {"description": null, "enabled": true, "id": "ce3119df5c9e47f9b9976697ec24f3e7",
        "name": "service"}, {"description": "", "enabled": true, "id": "fcfea339c56347f48eb7a630775ad7bb",
        "name": "mmaglana_project"}]}'
    http_version: 
  recorded_at: Wed, 12 Jun 2013 19:00:31 GMT
- request:
    method: delete
    uri: http://192.168.56.11:35357/v2.0/tenants/59dca4c5f30946dd8b0d5833e9fbbb0f
    body:
      encoding: US-ASCII
      string: ''
    headers:
      Content-Type:
      - application/json
      User-Agent:
      - Faraday v0.8.7
      X-Auth-Token:
      - 6e73c3d6d9b14f98836b7dd0a544d168
  response:
    status:
      code: 204
      message: 
    headers:
      vary:
      - X-Auth-Token
      content-length:
      - '0'
      date:
      - Wed, 12 Jun 2013 10:35:01 GMT
      connection:
      - close
    body:
      encoding: US-ASCII
      string: ''
    http_version: 
  recorded_at: Wed, 12 Jun 2013 19:00:31 GMT
- request:
    method: get
    uri: http://192.168.56.11:35357/v2.0/tenants?get_project_users_test
    body:
      encoding: US-ASCII
      string: ''
    headers:
      Content-Type:
      - application/json
      User-Agent:
      - Faraday v0.8.7
      X-Auth-Token:
      - 6e73c3d6d9b14f98836b7dd0a544d168
  response:
    status:
      code: 200
      message: 
    headers:
      vary:
      - X-Auth-Token
      content-type:
      - application/json
      content-length:
      - '760'
      date:
      - Wed, 12 Jun 2013 10:35:01 GMT
      connection:
      - close
    body:
      encoding: US-ASCII
      string: ! '{"tenants_links": [], "tenants": [{"description": null, "enabled":
        true, "id": "07289d89987c4d779f388ac96148fb8b", "name": "Non Admin Project"},
        {"description": null, "enabled": true, "id": "0a8c022d3f624981b8d90da23357fb8b",
        "name": "admin"}, {"description": null, "enabled": true, "id": "6098c39fce8c4f16ab79de699cce84c3",
        "name": "alt_demo"}, {"description": null, "enabled": true, "id": "a7726e17f157440ea09ba1d624a83886",
        "name": "Admin Project"}, {"description": null, "enabled": true, "id": "b7786369738945b8aaa37d7a8eaf411b",
        "name": "demo"}, {"description": null, "enabled": true, "id": "ce3119df5c9e47f9b9976697ec24f3e7",
        "name": "service"}, {"description": "", "enabled": true, "id": "fcfea339c56347f48eb7a630775ad7bb",
        "name": "mmaglana_project"}]}'
    http_version: 
  recorded_at: Wed, 12 Jun 2013 19:00:32 GMT
- request:
    method: get
    uri: http://devstack:5000/v2.0/tenants
    body:
      encoding: US-ASCII
      string: ''
    headers:
      Content-Type:
      - application/json
      User-Agent:
      - Faraday v0.8.7
      X-Auth-Token:
      - 8d2898150a4b43769f6d6dcd39ec2e90
  response:
    status:
      code: 200
      message: 
    headers:
      vary:
      - X-Auth-Token
      content-type:
      - application/json
      content-length:
      - '145'
      date:
      - Wed, 12 Jun 2013 10:35:01 GMT
      connection:
      - close
    body:
      encoding: US-ASCII
      string: ! '{"tenants_links": [], "tenants": [{"description": null, "enabled":
        true, "id": "07289d89987c4d779f388ac96148fb8b", "name": "Non Admin Project"}]}'
    http_version: 
  recorded_at: Wed, 12 Jun 2013 19:00:32 GMT
- request:
    method: get
    uri: http://192.168.56.11:35357/v2.0/tenants
    body:
      encoding: US-ASCII
      string: ''
    headers:
      Content-Type:
      - application/json
      User-Agent:
      - Faraday v0.8.7
      X-Auth-Token:
      - 6e73c3d6d9b14f98836b7dd0a544d168
  response:
    status:
      code: 200
      message: 
    headers:
      vary:
      - X-Auth-Token
      content-type:
      - application/json
      content-length:
      - '760'
      date:
      - Wed, 12 Jun 2013 10:35:02 GMT
      connection:
      - close
    body:
      encoding: US-ASCII
      string: ! '{"tenants_links": [], "tenants": [{"description": null, "enabled":
        true, "id": "07289d89987c4d779f388ac96148fb8b", "name": "Non Admin Project"},
        {"description": null, "enabled": true, "id": "0a8c022d3f624981b8d90da23357fb8b",
        "name": "admin"}, {"description": null, "enabled": true, "id": "6098c39fce8c4f16ab79de699cce84c3",
        "name": "alt_demo"}, {"description": null, "enabled": true, "id": "a7726e17f157440ea09ba1d624a83886",
        "name": "Admin Project"}, {"description": null, "enabled": true, "id": "b7786369738945b8aaa37d7a8eaf411b",
        "name": "demo"}, {"description": null, "enabled": true, "id": "ce3119df5c9e47f9b9976697ec24f3e7",
        "name": "service"}, {"description": "", "enabled": true, "id": "fcfea339c56347f48eb7a630775ad7bb",
        "name": "mmaglana_project"}]}'
    http_version: 
  recorded_at: Wed, 12 Jun 2013 19:00:32 GMT
recorded_with: VCR 2.5.0
